IPSEC_0.2 {
    global:
        GetIpsecErrorString;
        GenerateIpsecPskFile;
        InitializeIpsec;
        InitializeIpsecWithDatapath;
        DeinitializeIpsec;
        CancelIpsecWaits;
        GetIpsecLastDiagnostic;
        AddIpsecConnection;
        RemoveIpsecConnection;
        GetIpsecConnections;
        FreeIpsecConnectionList;
        AddIpsecPsk;
        RemoveIpsecPsk;
        ClearIpsecCredentials;
        InitiateIpsecIke;
        TerminateIpsecIke;
        RekeyIpsecIke;
        WaitIpsecIkeEstablished;
        InitiateIpsecChild;
        TerminateIpsecChild;
        RekeyIpsecChild;
        WaitIpsecChildInstalled;
        GetIpsecIkeSas;
        FreeIpsecIkeSaList;
        GetIpsecChildSas;
        FreeIpsecChildSaList;
        GetIpsecAlgorithms;
        FreeIpsecAlgorithmList;
        GetIpsecDaemonStatus;
        GetIpsecDatapathStatus;
        GetIpsecDatapathStatusEx;
        GetIpsecTrafficStatistics;
        GetIpsecPacketPathStatus;
        ReceiveIpsecProtectedPacket;
        SubmitIpsecProtectedPacket;
        ReceiveIpsecPlainPacket;
        GetIpsecBackendXfrmStatistics;
        GetIpsecXfrmStates;
        FreeIpsecXfrmStateList;
        GetIpsecXfrmPolicies;
        FreeIpsecXfrmPolicyList;
        GetIpsecXfrmStatistics;
        GetIpsecInterfaces;
        FreeIpsecInterfaceList;
        GetIpsecAddresses;
        FreeIpsecAddressList;
        GetIpsecRoutes;
        FreeIpsecRouteList;
    local:
        *;
};
